[debug] [2024-03-10T20:37:27.033Z] ----------------------------------------------------------------------
[debug] [2024-03-10T20:37:27.035Z] Command:       C:\Program Files\nodejs\node.exe C:\Users\LENOVO\AppData\Roaming\npm\node_modules\firebase-tools\lib\bin\firebase.js init
[debug] [2024-03-10T20:37:27.036Z] CLI Version:   13.0.2
[debug] [2024-03-10T20:37:27.036Z] Platform:      win32
[debug] [2024-03-10T20:37:27.036Z] Node Version:  v18.15.0
[debug] [2024-03-10T20:37:27.037Z] Time:          Sun Mar 10 2024 23:37:27 GMT+0300 (East Africa Time)
[debug] [2024-03-10T20:37:27.037Z] ----------------------------------------------------------------------
[debug] 
[debug] [2024-03-10T20:37:27.044Z] > command requires scopes: ["email","openid","https://www.googleapis.com/auth/cloudplatformprojects.readonly","https://www.googleapis.com/auth/firebase","https://www.googleapis.com/auth/cloud-platform"]
[debug] [2024-03-10T20:37:27.045Z] > authorizing via signed-in user (israelnoah18@gmail.com)
[info] 
     ######## #### ########  ######## ########     ###     ######  ########
     ##        ##  ##     ## ##       ##     ##  ##   ##  ##       ##
     ######    ##  ########  ######   ########  #########  ######  ######
     ##        ##  ##    ##  ##       ##     ## ##     ##       ## ##
     ##       #### ##     ## ######## ########  ##     ##  ######  ########

You're about to initialize a Firebase project in this directory:

  C:\Users\LENOVO\Documents\Desktop\Projects\clientele\israel_noah

[info] 
=== Project Setup
[info] 
[info] First, let's associate this project directory with a Firebase project.
[info] You can create multiple project aliases by running firebase use --add, 
[info] but for now we'll just set up a default project.
[info] 
[info] i  If you want to create a project in a Google Cloud organization or folder, please use "firebase projects:create" instead, and return to this command when you've created the project. 
[debug] [2024-03-10T20:38:09.756Z] > refreshing access token with scopes: []
[debug] [2024-03-10T20:38:09.760Z] >>> [apiv2][query] POST https://www.googleapis.com/oauth2/v3/token [none]
[debug] [2024-03-10T20:38:09.760Z] >>> [apiv2][body] POST https://www.googleapis.com/oauth2/v3/token [omitted]
[debug] [2024-03-10T20:38:10.390Z] <<< [apiv2][status] POST https://www.googleapis.com/oauth2/v3/token 200
[debug] [2024-03-10T20:38:10.390Z] <<< [apiv2][body] POST https://www.googleapis.com/oauth2/v3/token [omitted]
[debug] [2024-03-10T20:38:10.412Z] >>> [apiv2][query] POST https://cloudresourcemanager.googleapis.com/v1/projects [none]
[debug] [2024-03-10T20:38:10.412Z] >>> [apiv2][body] POST https://cloudresourcemanager.googleapis.com/v1/projects {"projectId":"israel","name":"israel"}
[debug] [2024-03-10T20:38:12.429Z] <<< [apiv2][status] POST https://cloudresourcemanager.googleapis.com/v1/projects 409
[debug] [2024-03-10T20:38:12.430Z] <<< [apiv2][body] POST https://cloudresourcemanager.googleapis.com/v1/projects {"error":{"code":409,"message":"Requested entity already exists","status":"ALREADY_EXISTS"}}
[debug] [2024-03-10T20:38:12.881Z] FirebaseError: HTTP Error: 409, Requested entity already exists
    at responseToError (C:\Users\LENOVO\AppData\Roaming\npm\node_modules\firebase-tools\lib\responseToError.js:49:12)
    at RetryOperation._fn (C:\Users\LENOVO\AppData\Roaming\npm\node_modules\firebase-tools\lib\apiv2.js:292:77)
    at process.processTicksAndRejections (node:internal/process/task_queues:95:5)
[error] 
[error] Error: Failed to create project because there is already a project with ID israel. Please try again with a unique project ID.
[debug] [2024-03-10T20:42:10.932Z] ----------------------------------------------------------------------
[debug] [2024-03-10T20:42:10.934Z] Command:       C:\Program Files\nodejs\node.exe C:\Users\LENOVO\AppData\Roaming\npm\node_modules\firebase-tools\lib\bin\firebase.js init
[debug] [2024-03-10T20:42:10.934Z] CLI Version:   13.0.2
[debug] [2024-03-10T20:42:10.934Z] Platform:      win32
[debug] [2024-03-10T20:42:10.934Z] Node Version:  v18.15.0
[debug] [2024-03-10T20:42:10.935Z] Time:          Sun Mar 10 2024 23:42:10 GMT+0300 (East Africa Time)
[debug] [2024-03-10T20:42:10.935Z] ----------------------------------------------------------------------
[debug] 
[debug] [2024-03-10T20:42:10.942Z] > command requires scopes: ["email","openid","https://www.googleapis.com/auth/cloudplatformprojects.readonly","https://www.googleapis.com/auth/firebase","https://www.googleapis.com/auth/cloud-platform"]
[debug] [2024-03-10T20:42:10.942Z] > authorizing via signed-in user (israelnoah18@gmail.com)
[info] 
     ######## #### ########  ######## ########     ###     ######  ########
     ##        ##  ##     ## ##       ##     ##  ##   ##  ##       ##
     ######    ##  ########  ######   ########  #########  ######  ######
     ##        ##  ##    ##  ##       ##     ## ##     ##       ## ##
     ##       #### ##     ## ######## ########  ##     ##  ######  ########

You're about to initialize a Firebase project in this directory:

  C:\Users\LENOVO\Documents\Desktop\Projects\clientele\israel_noah

[info] 
=== Project Setup
[info] 
[info] First, let's associate this project directory with a Firebase project.
[info] You can create multiple project aliases by running firebase use --add, 
[info] but for now we'll just set up a default project.
[info] 
[debug] [2024-03-10T20:42:29.633Z] >>> [apiv2][query] GET https://firebase.googleapis.com/v1beta1/projects pageSize=100
[debug] [2024-03-10T20:42:30.677Z] <<< [apiv2][status] GET https://firebase.googleapis.com/v1beta1/projects 200
[debug] [2024-03-10T20:42:30.677Z] <<< [apiv2][body] GET https://firebase.googleapis.com/v1beta1/projects [omitted]
[info] i  Using project israel-f4b64 (israel) 
[info] 
=== Hosting Setup
[debug] [2024-03-10T20:42:35.739Z] >>> [apiv2][query] GET https://firebase.googleapis.com/v1beta1/projects/israel-f4b64 [none]
[debug] [2024-03-10T20:42:36.404Z] <<< [apiv2][status] GET https://firebase.googleapis.com/v1beta1/projects/israel-f4b64 200
[debug] [2024-03-10T20:42:36.405Z] <<< [apiv2][body] GET https://firebase.googleapis.com/v1beta1/projects/israel-f4b64 {"projectId":"israel-f4b64","projectNumber":"3554213584","displayName":"israel","name":"projects/israel-f4b64","resources":{"hostingSite":"israel-f4b64"},"state":"ACTIVE","etag":"1_0fbd1b20-b137-42d9-95eb-1a2419587106"}
[info] 
[info] Your public directory is the folder (relative to your project directory) that
[info] will contain Hosting assets to be uploaded with firebase deploy. If you
[info] have a build process for your assets, use your build's output directory.
[info] 
[debug] [2026-01-20T03:10:00.946Z] ----------------------------------------------------------------------
[debug] [2026-01-20T03:10:00.956Z] Command:       /home/israel/.nvm/versions/node/v25.4.0/bin/node /home/israel/.nvm/versions/node/v25.4.0/bin/firebase deploy
[debug] [2026-01-20T03:10:00.958Z] CLI Version:   15.3.1
[debug] [2026-01-20T03:10:00.958Z] Platform:      linux
[debug] [2026-01-20T03:10:00.959Z] Node Version:  v25.4.0
[debug] [2026-01-20T03:10:00.960Z] Time:          Tue Jan 20 2026 06:10:00 GMT+0300 (East Africa Time)
[debug] [2026-01-20T03:10:00.960Z] ----------------------------------------------------------------------
[debug] 
[debug] [2026-01-20T03:10:04.843Z] > command requires scopes: ["email","openid","https://www.googleapis.com/auth/cloudplatformprojects.readonly","https://www.googleapis.com/auth/firebase","https://www.googleapis.com/auth/cloud-platform"]
[debug] [2026-01-20T03:10:04.845Z] > authorizing via signed-in user (israelnoah18@gmail.com)
[debug] [2026-01-20T03:10:04.846Z] [iam] checking project israel-f4b64 for permissions ["firebase.projects.get","firebasehosting.sites.update"]
[debug] [2026-01-20T03:10:04.850Z] Checked if tokens are valid: false, expires at: 1751160635061
[debug] [2026-01-20T03:10:04.850Z] Checked if tokens are valid: false, expires at: 1751160635061
[debug] [2026-01-20T03:10:04.851Z] > refreshing access token with scopes: []
[debug] [2026-01-20T03:10:04.859Z] >>> [apiv2][query] POST https://www.googleapis.com/oauth2/v3/token [none]
[debug] [2026-01-20T03:10:04.859Z] >>> [apiv2][body] POST https://www.googleapis.com/oauth2/v3/token [omitted]
[debug] [2026-01-20T03:10:06.246Z] <<< [apiv2][status] POST https://www.googleapis.com/oauth2/v3/token 400
[debug] [2026-01-20T03:10:06.246Z] <<< [apiv2][body] POST https://www.googleapis.com/oauth2/v3/token [omitted]
[debug] [2026-01-20T03:10:06.247Z] >>> [apiv2][query] POST https://cloudresourcemanager.googleapis.com/v1/projects/israel-f4b64:testIamPermissions [none]
[debug] [2026-01-20T03:10:06.248Z] >>> [apiv2][(partial)header] POST https://cloudresourcemanager.googleapis.com/v1/projects/israel-f4b64:testIamPermissions x-goog-quota-user=projects/israel-f4b64
[debug] [2026-01-20T03:10:06.248Z] >>> [apiv2][body] POST https://cloudresourcemanager.googleapis.com/v1/projects/israel-f4b64:testIamPermissions {"permissions":["firebase.projects.get","firebasehosting.sites.update"]}
[debug] [2026-01-20T03:10:07.891Z] <<< [apiv2][status] POST https://cloudresourcemanager.googleapis.com/v1/projects/israel-f4b64:testIamPermissions 401
[debug] [2026-01-20T03:10:07.892Z] <<< [apiv2][body] POST https://cloudresourcemanager.googleapis.com/v1/projects/israel-f4b64:testIamPermissions {"error":{"code":401,"message":"Request had invalid authentication credentials. Expected OAuth 2 access token, login cookie or other valid authentication credential. See https://developers.google.com/identity/sign-in/web/devconsole-project.","status":"UNAUTHENTICATED","details":[{"@type":"type.googleapis.com/google.rpc.ErrorInfo","reason":"ACCESS_TOKEN_TYPE_UNSUPPORTED","metadata":{"method":"google.cloudresourcemanager.v1.Projects.TestIamPermissions","service":"cloudresourcemanager.googleapis.com"}}]}}
[debug] [2026-01-20T03:10:07.892Z] Got a 401 Unauthenticated error for a call that required authentication. Refreshing tokens.
[debug] [2026-01-20T03:10:07.893Z] Checked if tokens are valid: false, expires at: 1751160635061
[debug] [2026-01-20T03:10:07.893Z] Checked if tokens are valid: false, expires at: 1751160635061
[debug] [2026-01-20T03:10:07.894Z] > refreshing access token with scopes: []
[debug] [2026-01-20T03:10:07.896Z] >>> [apiv2][query] POST https://www.googleapis.com/oauth2/v3/token [none]
[debug] [2026-01-20T03:10:07.896Z] >>> [apiv2][body] POST https://www.googleapis.com/oauth2/v3/token [omitted]
[debug] [2026-01-20T03:10:08.472Z] <<< [apiv2][status] POST https://www.googleapis.com/oauth2/v3/token 400
[debug] [2026-01-20T03:10:08.473Z] <<< [apiv2][body] POST https://www.googleapis.com/oauth2/v3/token [omitted]
[debug] [2026-01-20T03:10:08.476Z] [iam] error while checking permissions, command may fail: Request to https://cloudresourcemanager.googleapis.com/v1/projects/israel-f4b64:testIamPermissions had HTTP Error: 401, Request had invalid authentication credentials. Expected OAuth 2 access token, login cookie or other valid authentication credential. See https://developers.google.com/identity/sign-in/web/devconsole-project.
[debug] [2026-01-20T03:10:08.477Z] Checked if tokens are valid: false, expires at: 1751160635061
[debug] [2026-01-20T03:10:08.478Z] Checked if tokens are valid: false, expires at: 1751160635061
[debug] [2026-01-20T03:10:08.478Z] > refreshing access token with scopes: []
[debug] [2026-01-20T03:10:08.479Z] >>> [apiv2][query] POST https://www.googleapis.com/oauth2/v3/token [none]
[debug] [2026-01-20T03:10:08.479Z] >>> [apiv2][body] POST https://www.googleapis.com/oauth2/v3/token [omitted]
[debug] [2026-01-20T03:10:08.689Z] <<< [apiv2][status] POST https://www.googleapis.com/oauth2/v3/token 400
[debug] [2026-01-20T03:10:08.690Z] <<< [apiv2][body] POST https://www.googleapis.com/oauth2/v3/token [omitted]
[debug] [2026-01-20T03:10:08.691Z] >>> [apiv2][query] GET https://firebase.googleapis.com/v1beta1/projects/israel-f4b64 [none]
[debug] [2026-01-20T03:10:09.575Z] <<< [apiv2][status] GET https://firebase.googleapis.com/v1beta1/projects/israel-f4b64 401
[debug] [2026-01-20T03:10:09.576Z] <<< [apiv2][body] GET https://firebase.googleapis.com/v1beta1/projects/israel-f4b64 {"error":{"code":401,"message":"Request had invalid authentication credentials. Expected OAuth 2 access token, login cookie or other valid authentication credential. See https://developers.google.com/identity/sign-in/web/devconsole-project.","status":"UNAUTHENTICATED"}}
[debug] [2026-01-20T03:10:09.576Z] Got a 401 Unauthenticated error for a call that required authentication. Refreshing tokens.
[debug] [2026-01-20T03:10:09.577Z] Checked if tokens are valid: false, expires at: 1751160635061
[debug] [2026-01-20T03:10:09.577Z] Checked if tokens are valid: false, expires at: 1751160635061
[debug] [2026-01-20T03:10:09.577Z] > refreshing access token with scopes: []
[debug] [2026-01-20T03:10:09.578Z] >>> [apiv2][query] POST https://www.googleapis.com/oauth2/v3/token [none]
[debug] [2026-01-20T03:10:09.579Z] >>> [apiv2][body] POST https://www.googleapis.com/oauth2/v3/token [omitted]
[debug] [2026-01-20T03:10:09.899Z] <<< [apiv2][status] POST https://www.googleapis.com/oauth2/v3/token 400
[debug] [2026-01-20T03:10:09.900Z] <<< [apiv2][body] POST https://www.googleapis.com/oauth2/v3/token [omitted]
[debug] [2026-01-20T03:10:09.901Z] Request to https://firebase.googleapis.com/v1beta1/projects/israel-f4b64 had HTTP Error: 401, Request had invalid authentication credentials. Expected OAuth 2 access token, login cookie or other valid authentication credential. See https://developers.google.com/identity/sign-in/web/devconsole-project.
[error] 
[error] Error: Assertion failed: resolving hosting target of a site with no site name or target name. This should have caused an error earlier
